  console.log
    Database tables initialized. Seeding skipped for stability.

      at Database.log (db.js:78:13)

  console.log
    Connected to the SQLite database.

      at Database.log (db.js:10:13)

  console.log
    [32m[PAYMENT] [PAYMENT_SETTINGS_UPDATED][0m {"enabled":false}

      at log (index.js:46:13)

  console.log
    [32m[PAYMENT] [PAYMENT_SETTINGS_UPDATED][0m {"enabled":true}

      at log (index.js:46:13)

node.exe : FAIL __tests
__/payments.test.js
At line:1 char:1
+ & "C:\Program 
Files\nodejs/node.exe" 
"C:\Program 
Files\nodejs/node_mo 
...
+ ~~~~~~~~~~~~~~~~~~~~~
~~~~~~~~~~~~~~~~~~~~~~~
~~~~~~~~~~~~~~~~~~~~~~~
~~
    + CategoryInfo     
         : NotSpecifi  
  ed: (FAIL __tests_   
 _/payments.test.js    
:String) [], Remot    
eException
    + FullyQualifiedEr 
   rorId : NativeComm  
  andError
 
  Payment Feature Flag 
logic
    ├ù arrival booking 
works (89 ms)
    ΓêÜ online booking 
blocked when disabled 
(37 ms)
    ├ù enable payments 
and online booking 
allowed (24 ms)

  ΓùÅ Payment Feature 
Flag logic ΓÇ║ arrival 
booking works

    expect(received).to
Be(expected) // 
Object.is equality

    Expected: 200
    Received: 400

    [0m [90m 11 
|[39m                 
payment_method[33m:[3
9m [32m"arrival"[39m
     [90m 12 |[39m   
          })[33m;[39m
    [31m[1m>[22m[39
m[90m 13 |[39m       
  expect(res[33m.[39m
statusCode)[33m.[39mt
oBe([35m200[39m)[33m
;[39m
     [90m    |[39m   
                       
      
[31m[1m^[22m[39m
     [90m 14 |[39m   
      expect(res[33m.
[39mbody[33m.[39mmess
age)[33m.[39mtoBe([3
2m"Booking created succ
essfully"[39m)[33m;[
39m
     [90m 15 |[39m   
  })[33m;[39m
     [90m 16 
|[39m[0m

      at Object.toBe (_
_tests__/payments.test.
js:13:32)

  ΓùÅ Payment Feature 
Flag logic ΓÇ║ enable 
payments and online 
booking allowed

    expect(received).to
Be(expected) // 
Object.is equality

    Expected: 200
    Received: 400

    [0m [90m 45 
|[39m                 
payment_method[33m:[3
9m [32m"online"[39m
     [90m 46 |[39m   
          })[33m;[39m
    [31m[1m>[22m[39
m[90m 47 |[39m       
  expect(res[33m.[39m
statusCode)[33m.[39mt
oBe([35m200[39m)[33m
;[39m
     [90m    |[39m   
                       
      
[31m[1m^[22m[39m
     [90m 48 |[39m   
      expect(res[33m.
[39mbody[33m.[39mmess
age)[33m.[39mtoBe([3
2m"Booking created succ
essfully"[39m)[33m;[
39m
     [90m 49 |[39m   
  })[33m;[39m
     [90m 50 
|[39m[0m

      at Object.toBe (_
_tests__/payments.test.
js:47:32)

Test Suites: 1 failed, 
1 total
Tests:       2 failed, 
1 passed, 3 total
Snapshots:   0 total
Time:        1.638 s, 
estimated 2 s
Ran all test suites 
matching __tests__/paym
ents.test.js.
Jest did not exit one 
second after the test 
run has completed.

'This usually means 
that there are 
asynchronous 
operations that 
weren't stopped in 
your tests. Consider 
running Jest with 
`--detectOpenHandles` 
to troubleshoot this 
issue.

  ΓùÅ  Cannot log 
after tests are done. 
Did you forget to wait 
for something async in 
your test?
    Attempted to log 
"[36m[SYSTEM] System 
running... (Port 
5000)[0m".

    [0m [90m 49 
|[39m [90m// 
Heartbeat[39m
     [90m 50 |[39m 
setInterval(() 
[33m=>[39m {
    [31m[1m>[22m[39
m[90m 51 |[39m     co
nsole[33m.[39mlog([3
2m`\x1b[36m[SYSTEM] 
System running... 
(Port 
${process.env.PORT || 5
000})\x1b[0m`[39m)[33
m;[39m
     [90m    |[39m   
          
[31m[1m^[22m[39m
     [90m 52 |[39m 
}[33m,[39m [35m30000
[39m)[33m;[39m
     [90m 53 |[39m
     [90m 54 
|[39m[0m

      at console.log (n
ode_modules/@jest/conso
le/build/index.js:311:1
0)
      at Timeout.log 
[as _onTimeout] 
(index.js:51:13)


  ΓùÅ  Cannot log 
after tests are done. 
Did you forget to wait 
for something async in 
your test?
    Attempted to log 
"[36m[SYSTEM] System 
running... (Port 
5000)[0m".

    [0m [90m 49 
|[39m [90m// 
Heartbeat[39m
     [90m 50 |[39m 
[36mif[39m (process[
33m.[39menv[33m.[39m
[33mNODE_ENV[39m 
[33m!==[39m 
[32m'test'[39m) {
    [31m[1m>[22m[39
m[90m 51 |[39m     
setInterval(() 
[33m=>[39m {
     [90m    |[39m   
          
[31m[1m^[22m[39m
     [90m 52 |[39m   
      console[33m.[39
mlog([32m`\x1b[36m[SYS
TEM] System running... 
(Port 
${process.env.PORT || 5
000})\x1b[0m`[39m)[33
m;[39m
     [90m 53 |[39m   
  }[33m,[39m [35m300
00[39m)[33m;[39m
     [90m 54 |[39m 
}[0m

      at console.log (n
ode_modules/@jest/conso
le/build/index.js:311:1
0)
      at Timeout.log 
[as _onTimeout] 
(index.js:51:13)


  ΓùÅ  Cannot log 
after tests are done. 
Did you forget to wait 
for something async in 
your test?
    Attempted to log 
"[36m[SYSTEM] System 
running... (Port 
5000)[0m".

    [0m [90m 49 
|[39m [90m// 
Heartbeat[39m
     [90m 50 |[39m 
[36mif[39m (process[
33m.[39menv[33m.[39m
[33mNODE_ENV[39m 
[33m!==[39m 
[32m'test'[39m) {
    [31m[1m>[22m[39
m[90m 51 |[39m     
setInterval(() 
[33m=>[39m {
     [90m    |[39m   
          
[31m[1m^[22m[39m
     [90m 52 |[39m   
      console[33m.[39
mlog([32m`\x1b[36m[SYS
TEM] System running... 
(Port 
${process.env.PORT || 5
000})\x1b[0m`[39m)[33
m;[39m
     [90m 53 |[39m   
  }[33m,[39m [35m300
00[39m)[33m;[39m
     [90m 54 |[39m 
}[0m

      at console.log (n
ode_modules/@jest/conso
le/build/index.js:311:1
0)
      at Timeout.log 
[as _onTimeout] 
(index.js:51:13)


  ΓùÅ  Cannot log 
after tests are done. 
Did you forget to wait 
for something async in 
your test?
    Attempted to log 
"[36m[SYSTEM] System 
running... (Port 
5000)[0m".

    [0m [90m 49 
|[39m [90m// 
Heartbeat[39m
     [90m 50 |[39m 
[36mif[39m (process[
33m.[39menv[33m.[39m
[33mNODE_ENV[39m 
[33m!==[39m 
[32m'test'[39m) {
    [31m[1m>[22m[39
m[90m 51 |[39m     
setInterval(() 
[33m=>[39m {
     [90m    |[39m   
          
[31m[1m^[22m[39m
     [90m 52 |[39m   
      console[33m.[39
mlog([32m`\x1b[36m[SYS
TEM] System running... 
(Port 
${process.env.PORT || 5
000})\x1b[0m`[39m)[33
m;[39m
     [90m 53 |[39m   
  }[33m,[39m [35m300
00[39m)[33m;[39m
     [90m 54 |[39m 
}[0m

      at console.log (n
ode_modules/@jest/conso
le/build/index.js:311:1
0)
      at Timeout.log 
[as _onTimeout] 
(index.js:51:13)


  ΓùÅ  Cannot log 
after tests are done. 
Did you forget to wait 
for something async in 
your test?
    Attempted to log 
"[36m[SYSTEM] System 
running... (Port 
5000)[0m".

    [0m [90m 49 
|[39m [90m// 
Heartbeat[39m
     [90m 50 |[39m 
[36mif[39m (process[
33m.[39menv[33m.[39m
[33mNODE_ENV[39m 
[33m!==[39m 
[32m'test'[39m) {
    [31m[1m>[22m[39
m[90m 51 |[39m     
setInterval(() 
[33m=>[39m {
     [90m    |[39m   
          
[31m[1m^[22m[39m
     [90m 52 |[39m   
      console[33m.[39
mlog([32m`\x1b[36m[SYS
TEM] System running... 
(Port 
${process.env.PORT || 5
000})\x1b[0m`[39m)[33
m;[39m
     [90m 53 |[39m   
  }[33m,[39m [35m300
00[39m)[33m;[39m
     [90m 54 |[39m 
}[0m

      at console.log (n
ode_modules/@jest/conso
le/build/index.js:311:1
0)
      at Timeout.log 
[as _onTimeout] 
(index.js:51:13)


  ΓùÅ  Cannot log 
after tests are done. 
Did you forget to wait 
for something async in 
your test?
    Attempted to log 
"[36m[SYSTEM] System 
running... (Port 
5000)[0m".

    [0m [90m 49 
|[39m [90m// 
Heartbeat[39m
     [90m 50 |[39m 
[36mif[39m (process[
33m.[39menv[33m.[39m
[33mNODE_ENV[39m 
[33m!==[39m 
[32m'test'[39m) {
    [31m[1m>[22m[39
m[90m 51 |[39m     
setInterval(() 
[33m=>[39m {
     [90m    |[39m   
          
[31m[1m^[22m[39m
     [90m 52 |[39m   
      console[33m.[39
mlog([32m`\x1b[36m[SYS
TEM] System running... 
(Port 
${process.env.PORT || 5
000})\x1b[0m`[39m)[33
m;[39m
     [90m 53 |[39m   
  }[33m,[39m [35m300
00[39m)[33m;[39m
     [90m 54 |[39m 
}[0m

      at console.log (n
ode_modules/@jest/conso
le/build/index.js:311:1
0)
      at Timeout.log 
[as _onTimeout] 
(index.js:51:13)


  ΓùÅ  Cannot log 
after tests are done. 
Did you forget to wait 
for something async in 
your test?
    Attempted to log 
"[36m[SYSTEM] System 
running... (Port 
5000)[0m".

    [0m [90m 49 
|[39m [90m// 
Heartbeat[39m
     [90m 50 |[39m 
[36mif[39m (process[
33m.[39menv[33m.[39m
[33mNODE_ENV[39m 
[33m!==[39m 
[32m'test'[39m) {
    [31m[1m>[22m[39
m[90m 51 |[39m     
setInterval(() 
[33m=>[39m {
     [90m    |[39m   
          
[31m[1m^[22m[39m
     [90m 52 |[39m   
      console[33m.[39
mlog([32m`\x1b[36m[SYS
TEM] System running... 
(Port 
${process.env.PORT || 5
000})\x1b[0m`[39m)[33
m;[39m
     [90m 53 |[39m   
  }[33m,[39m [35m300
00[39m)[33m;[39m
     [90m 54 |[39m 
}[0m

      at console.log (n
ode_modules/@jest/conso
le/build/index.js:311:1
0)
      at Timeout.log 
[as _onTimeout] 
(index.js:51:13)


  ΓùÅ  Cannot log 
after tests are done. 
Did you forget to wait 
for something async in 
your test?
    Attempted to log 
"[36m[SYSTEM] System 
running... (Port 
5000)[0m".

    [0m [90m 49 
|[39m [90m// 
Heartbeat[39m
     [90m 50 |[39m 
[36mif[39m (process[
33m.[39menv[33m.[39m
[33mNODE_ENV[39m 
[33m!==[39m 
[32m'test'[39m) {
    [31m[1m>[22m[39
m[90m 51 |[39m     
setInterval(() 
[33m=>[39m {
     [90m    |[39m   
          
[31m[1m^[22m[39m
     [90m 52 |[39m   
      console[33m.[39
mlog([32m`\x1b[36m[SYS
TEM] System running... 
(Port 
${process.env.PORT || 5
000})\x1b[0m`[39m)[33
m;[39m
     [90m 53 |[39m   
  }[33m,[39m [35m300
00[39m)[33m;[39m
     [90m 54 |[39m 
}[0m

      at console.log (n
ode_modules/@jest/conso
le/build/index.js:311:1
0)
      at Timeout.log 
[as _onTimeout] 
(index.js:51:13)


  ΓùÅ  Cannot log 
after tests are done. 
Did you forget to wait 
for something async in 
your test?
    Attempted to log 
"[36m[SYSTEM] System 
running... (Port 
5000)[0m".

    [0m [90m 49 
|[39m [90m// 
Heartbeat[39m
     [90m 50 |[39m 
[36mif[39m (process[
33m.[39menv[33m.[39m
[33mNODE_ENV[39m 
[33m!==[39m 
[32m'test'[39m) {
    [31m[1m>[22m[39
m[90m 51 |[39m     
setInterval(() 
[33m=>[39m {
     [90m    |[39m   
          
[31m[1m^[22m[39m
     [90m 52 |[39m   
      console[33m.[39
mlog([32m`\x1b[36m[SYS
TEM] System running... 
(Port 
${process.env.PORT || 5
000})\x1b[0m`[39m)[33
m;[39m
     [90m 53 |[39m   
  }[33m,[39m [35m300
00[39m)[33m;[39m
     [90m 54 |[39m 
}[0m

      at console.log (n
ode_modules/@jest/conso
le/build/index.js:311:1
0)
      at Timeout.log 
[as _onTimeout] 
(index.js:51:13)


  ΓùÅ  Cannot log 
after tests are done. 
Did you forget to wait 
for something async in 
your test?
    Attempted to log 
"[36m[SYSTEM] System 
running... (Port 
5000)[0m".

    [0m [90m 49 
|[39m [90m// 
Heartbeat[39m
     [90m 50 |[39m 
[36mif[39m (process[
33m.[39menv[33m.[39m
[33mNODE_ENV[39m 
[33m!==[39m 
[32m'test'[39m) {
    [31m[1m>[22m[39
m[90m 51 |[39m     
setInterval(() 
[33m=>[39m {
     [90m    |[39m   
          
[31m[1m^[22m[39m
     [90m 52 |[39m   
      console[33m.[39
mlog([32m`\x1b[36m[SYS
TEM] System running... 
(Port 
${process.env.PORT || 5
000})\x1b[0m`[39m)[33
m;[39m
     [90m 53 |[39m   
  }[33m,[39m [35m300
00[39m)[33m;[39m
     [90m 54 |[39m 
}[0m

      at console.log (n
ode_modules/@jest/conso
le/build/index.js:311:1
0)
      at Timeout.log 
[as _onTimeout] 
(index.js:51:13)


  ΓùÅ  Cannot log 
after tests are done. 
Did you forget to wait 
for something async in 
your test?
    Attempted to log 
"[36m[SYSTEM] System 
running... (Port 
5000)[0m".

    [0m [90m 49 
|[39m [90m// 
Heartbeat[39m
     [90m 50 |[39m 
[36mif[39m (process[
33m.[39menv[33m.[39m
[33mNODE_ENV[39m 
[33m!==[39m 
[32m'test'[39m) {
    [31m[1m>[22m[39
m[90m 51 |[39m     
setInterval(() 
[33m=>[39m {
     [90m    |[39m   
          
[31m[1m^[22m[39m
     [90m 52 |[39m   
      console[33m.[39
mlog([32m`\x1b[36m[SYS
TEM] System running... 
(Port 
${process.env.PORT || 5
000})\x1b[0m`[39m)[33
m;[39m
     [90m 53 |[39m   
  }[33m,[39m [35m300
00[39m)[33m;[39m
     [90m 54 |[39m 
}[0m

      at console.log (n
ode_modules/@jest/conso
le/build/index.js:311:1
0)
      at Timeout.log 
[as _onTimeout] 
(index.js:51:13)


  ΓùÅ  Cannot log 
after tests are done. 
Did you forget to wait 
for something async in 
your test?
    Attempted to log 
"[36m[SYSTEM] System 
running... (Port 
5000)[0m".

    [0m [90m 49 
|[39m [90m// 
Heartbeat[39m
     [90m 50 |[39m 
[36mif[39m (process[
33m.[39menv[33m.[39m
[33mNODE_ENV[39m 
[33m!==[39m 
[32m'test'[39m) {
    [31m[1m>[22m[39
m[90m 51 |[39m     
setInterval(() 
[33m=>[39m {
     [90m    |[39m   
          
[31m[1m^[22m[39m
     [90m 52 |[39m   
      console[33m.[39
mlog([32m`\x1b[36m[SYS
TEM] System running... 
(Port 
${process.env.PORT || 5
000})\x1b[0m`[39m)[33
m;[39m
     [90m 53 |[39m   
  }[33m,[39m [35m300
00[39m)[33m;[39m
     [90m 54 |[39m 
}[0m

      at console.log (n
ode_modules/@jest/conso
le/build/index.js:311:1
0)
      at Timeout.log 
[as _onTimeout] 
(index.js:51:13)


  ΓùÅ  Cannot log 
after tests are done. 
Did you forget to wait 
for something async in 
your test?
    Attempted to log 
"[36m[SYSTEM] System 
running... (Port 
5000)[0m".

    [0m [90m 49 
|[39m [90m// 
Heartbeat[39m
     [90m 50 |[39m 
[36mif[39m (process[
33m.[39menv[33m.[39m
[33mNODE_ENV[39m 
[33m!==[39m 
[32m'test'[39m) {
    [31m[1m>[22m[39
m[90m 51 |[39m     
setInterval(() 
[33m=>[39m {
     [90m    |[39m   
          
[31m[1m^[22m[39m
     [90m 52 |[39m   
      console[33m.[39
mlog([32m`\x1b[36m[SYS
TEM] System running... 
(Port 
${process.env.PORT || 5
000})\x1b[0m`[39m)[33
m;[39m
     [90m 53 |[39m   
  }[33m,[39m [35m300
00[39m)[33m;[39m
     [90m 54 |[39m 
}[0m

      at console.log (n
ode_modules/@jest/conso
le/build/index.js:311:1
0)
      at Timeout.log 
[as _onTimeout] 
(index.js:51:13)


  ΓùÅ  Cannot log 
after tests are done. 
Did you forget to wait 
for something async in 
your test?
    Attempted to log 
"[36m[SYSTEM] System 
running... (Port 
5000)[0m".

    [0m [90m 49 
|[39m [90m// 
Heartbeat[39m
     [90m 50 |[39m 
[36mif[39m (process[
33m.[39menv[33m.[39m
[33mNODE_ENV[39m 
[33m!==[39m 
[32m'test'[39m) {
    [31m[1m>[22m[39
m[90m 51 |[39m     
setInterval(() 
[33m=>[39m {
     [90m    |[39m   
          
[31m[1m^[22m[39m
     [90m 52 |[39m   
      console[33m.[39
mlog([32m`\x1b[36m[SYS
TEM] System running... 
(Port 
${process.env.PORT || 5
000})\x1b[0m`[39m)[33
m;[39m
     [90m 53 |[39m   
  }[33m,[39m [35m300
00[39m)[33m;[39m
     [90m 54 |[39m 
}[0m

      at console.log (n
ode_modules/@jest/conso
le/build/index.js:311:1
0)
      at Timeout.log 
[as _onTimeout] 
(index.js:51:13)


  ΓùÅ  Cannot log 
after tests are done. 
Did you forget to wait 
for something async in 
your test?
    Attempted to log 
"[36m[SYSTEM] System 
running... (Port 
5000)[0m".

    [0m [90m 49 
|[39m [90m// 
Heartbeat[39m
     [90m 50 |[39m 
[36mif[39m (process[
33m.[39menv[33m.[39m
[33mNODE_ENV[39m 
[33m!==[39m 
[32m'test'[39m) {
    [31m[1m>[22m[39
m[90m 51 |[39m     
setInterval(() 
[33m=>[39m {
     [90m    |[39m   
          
[31m[1m^[22m[39m
     [90m 52 |[39m   
      console[33m.[39
mlog([32m`\x1b[36m[SYS
TEM] System running... 
(Port 
${process.env.PORT || 5
000})\x1b[0m`[39m)[33
m;[39m
     [90m 53 |[39m   
  }[33m,[39m [35m300
00[39m)[33m;[39m
     [90m 54 |[39m 
}[0m

      at console.log (n
ode_modules/@jest/conso
le/build/index.js:311:1
0)
      at Timeout.log 
[as _onTimeout] 
(index.js:51:13)


  ΓùÅ  Cannot log 
after tests are done. 
Did you forget to wait 
for something async in 
your test?
    Attempted to log 
"[36m[SYSTEM] System 
running... (Port 
5000)[0m".

    [0m [90m 49 
|[39m [90m// 
Heartbeat[39m
     [90m 50 |[39m 
[36mif[39m (process[
33m.[39menv[33m.[39m
[33mNODE_ENV[39m 
[33m!==[39m 
[32m'test'[39m) {
    [31m[1m>[22m[39
m[90m 51 |[39m     
setInterval(() 
[33m=>[39m {
     [90m    |[39m   
          
[31m[1m^[22m[39m
     [90m 52 |[39m   
      console[33m.[39
mlog([32m`\x1b[36m[SYS
TEM] System running... 
(Port 
${process.env.PORT || 5
000})\x1b[0m`[39m)[33
m;[39m
     [90m 53 |[39m   
  }[33m,[39m [35m300
00[39m)[33m;[39m
     [90m 54 |[39m 
}[0m

      at console.log (n
ode_modules/@jest/conso
le/build/index.js:311:1
0)
      at Timeout.log 
[as _onTimeout] 
(index.js:51:13)


  ΓùÅ  Cannot log 
after tests are done. 
Did you forget to wait 
for something async in 
your test?
    Attempted to log 
"[36m[SYSTEM] System 
running... (Port 
5000)[0m".

    [0m [90m 49 
|[39m [90m// 
Heartbeat[39m
     [90m 50 |[39m 
[36mif[39m (process[
33m.[39menv[33m.[39m
[33mNODE_ENV[39m 
[33m!==[39m 
[32m'test'[39m) {
    [31m[1m>[22m[39
m[90m 51 |[39m     
setInterval(() 
[33m=>[39m {
     [90m    |[39m   
          
[31m[1m^[22m[39m
     [90m 52 |[39m   
      console[33m.[39
mlog([32m`\x1b[36m[SYS
TEM] System running... 
(Port 
${process.env.PORT || 5
000})\x1b[0m`[39m)[33
m;[39m
     [90m 53 |[39m   
  }[33m,[39m [35m300
00[39m)[33m;[39m
     [90m 54 |[39m 
}[0m

      at console.log (n
ode_modules/@jest/conso
le/build/index.js:311:1
0)
      at Timeout.log 
[as _onTimeout] 
(index.js:51:13)


  ΓùÅ  Cannot log 
after tests are done. 
Did you forget to wait 
for something async in 
your test?
    Attempted to log 
"[36m[SYSTEM] System 
running... (Port 
5000)[0m".

    [0m [90m 49 
|[39m [90m// 
Heartbeat[39m
     [90m 50 |[39m 
[36mif[39m (process[
33m.[39menv[33m.[39m
[33mNODE_ENV[39m 
[33m!==[39m 
[32m'test'[39m) {
    [31m[1m>[22m[39
m[90m 51 |[39m     
setInterval(() 
[33m=>[39m {
     [90m    |[39m   
          
[31m[1m^[22m[39m
     [90m 52 |[39m   
      console[33m.[39
mlog([32m`\x1b[36m[SYS
TEM] System running... 
(Port 
${process.env.PORT || 5
000})\x1b[0m`[39m)[33
m;[39m
     [90m 53 |[39m   
  }[33m,[39m [35m300
00[39m)[33m;[39m
     [90m 54 |[39m 
}[0m

      at console.log (n
ode_modules/@jest/conso
le/build/index.js:311:1
0)
      at Timeout.log 
[as _onTimeout] 
(index.js:51:13)


  ΓùÅ  Cannot log 
after tests are done. 
Did you forget to wait 
for something async in 
your test?
    Attempted to log 
"[36m[SYSTEM] System 
running... (Port 
5000)[0m".

    [0m [90m 49 
|[39m [90m// 
Heartbeat[39m
     [90m 50 |[39m 
[36mif[39m (process[
33m.[39menv[33m.[39m
[33mNODE_ENV[39m 
[33m!==[39m 
[32m'test'[39m) {
    [31m[1m>[22m[39
m[90m 51 |[39m     
setInterval(() 
[33m=>[39m {
     [90m    |[39m   
          
[31m[1m^[22m[39m
     [90m 52 |[39m   
      console[33m.[39
mlog([32m`\x1b[36m[SYS
TEM] System running... 
(Port 
${process.env.PORT || 5
000})\x1b[0m`[39m)[33
m;[39m
     [90m 53 |[39m   
  }[33m,[39m [35m300
00[39m)[33m;[39m
     [90m 54 |[39m 
}[0m

      at console.log (n
ode_modules/@jest/conso
le/build/index.js:311:1
0)
      at Timeout.log 
[as _onTimeout] 
(index.js:51:13)


  ΓùÅ  Cannot log 
after tests are done. 
Did you forget to wait 
for something async in 
your test?
    Attempted to log 
"[36m[SYSTEM] System 
running... (Port 
5000)[0m".

    [0m [90m 49 
|[39m [90m// 
Heartbeat[39m
     [90m 50 |[39m 
[36mif[39m (process[
33m.[39menv[33m.[39m
[33mNODE_ENV[39m 
[33m!==[39m 
[32m'test'[39m) {
    [31m[1m>[22m[39
m[90m 51 |[39m     
setInterval(() 
[33m=>[39m {
     [90m    |[39m   
          
[31m[1m^[22m[39m
     [90m 52 |[39m   
      console[33m.[39
mlog([32m`\x1b[36m[SYS
TEM] System running... 
(Port 
${process.env.PORT || 5
000})\x1b[0m`[39m)[33
m;[39m
     [90m 53 |[39m   
  }[33m,[39m [35m300
00[39m)[33m;[39m
     [90m 54 |[39m 
}[0m

      at console.log (n
ode_modules/@jest/conso
le/build/index.js:311:1
0)
      at Timeout.log 
[as _onTimeout] 
(index.js:51:13)


  ΓùÅ  Cannot log 
after tests are done. 
Did you forget to wait 
for something async in 
your test?
    Attempted to log 
"[36m[SYSTEM] System 
running... (Port 
5000)[0m".

    [0m [90m 49 
|[39m [90m// 
Heartbeat[39m
     [90m 50 |[39m 
[36mif[39m (process[
33m.[39menv[33m.[39m
[33mNODE_ENV[39m 
[33m!==[39m 
[32m'test'[39m) {
    [31m[1m>[22m[39
m[90m 51 |[39m     
setInterval(() 
[33m=>[39m {
     [90m    |[39m   
          
[31m[1m^[22m[39m
     [90m 52 |[39m   
      console[33m.[39
mlog([32m`\x1b[36m[SYS
TEM] System running... 
(Port 
${process.env.PORT || 5
000})\x1b[0m`[39m)[33
m;[39m
     [90m 53 |[39m   
  }[33m,[39m [35m300
00[39m)[33m;[39m
     [90m 54 |[39m 
}[0m

      at console.log (n
ode_modules/@jest/conso
le/build/index.js:311:1
0)
      at Timeout.log 
[as _onTimeout] 
(index.js:51:13)


  ΓùÅ  Cannot log 
after tests are done. 
Did you forget to wait 
for something async in 
your test?
    Attempted to log 
"[36m[SYSTEM] System 
running... (Port 
5000)[0m".

    [0m [90m 49 
|[39m [90m// 
Heartbeat[39m
     [90m 50 |[39m 
[36mif[39m (process[
33m.[39menv[33m.[39m
[33mNODE_ENV[39m 
[33m!==[39m 
[32m'test'[39m) {
    [31m[1m>[22m[39
m[90m 51 |[39m     
setInterval(() 
[33m=>[39m {
     [90m    |[39m   
          
[31m[1m^[22m[39m
     [90m 52 |[39m   
      console[33m.[39
mlog([32m`\x1b[36m[SYS
TEM] System running... 
(Port 
${process.env.PORT || 5
000})\x1b[0m`[39m)[33
m;[39m
     [90m 53 |[39m   
  }[33m,[39m [35m300
00[39m)[33m;[39m
     [90m 54 |[39m 
}[0m

      at console.log (n
ode_modules/@jest/conso
le/build/index.js:311:1
0)
      at Timeout.log 
[as _onTimeout] 
(index.js:51:13)


  ΓùÅ  Cannot log 
after tests are done. 
Did you forget to wait 
for something async in 
your test?
    Attempted to log 
"[36m[SYSTEM] System 
running... (Port 
5000)[0m".

    [0m [90m 49 
|[39m [90m// 
Heartbeat[39m
     [90m 50 |[39m 
[36mif[39m (process[
33m.[39menv[33m.[39m
[33mNODE_ENV[39m 
[33m!==[39m 
[32m'test'[39m) {
    [31m[1m>[22m[39
m[90m 51 |[39m     
setInterval(() 
[33m=>[39m {
     [90m    |[39m   
          
[31m[1m^[22m[39m
     [90m 52 |[39m   
      console[33m.[39
mlog([32m`\x1b[36m[SYS
TEM] System running... 
(Port 
${process.env.PORT || 5
000})\x1b[0m`[39m)[33
m;[39m
     [90m 53 |[39m   
  }[33m,[39m [35m300
00[39m)[33m;[39m
     [90m 54 |[39m 
}[0m

      at console.log (n
ode_modules/@jest/conso
le/build/index.js:311:1
0)
      at Timeout.log 
[as _onTimeout] 
(index.js:51:13)


  ΓùÅ  Cannot log 
after tests are done. 
Did you forget to wait 
for something async in 
your test?
    Attempted to log 
"[36m[SYSTEM] System 
running... (Port 
5000)[0m".

    [0m [90m 49 
|[39m [90m// 
Heartbeat[39m
     [90m 50 |[39m 
[36mif[39m (process[
33m.[39menv[33m.[39m
[33mNODE_ENV[39m 
[33m!==[39m 
[32m'test'[39m) {
    [31m[1m>[22m[39
m[90m 51 |[39m     
setInterval(() 
[33m=>[39m {
     [90m    |[39m   
          
[31m[1m^[22m[39m
     [90m 52 |[39m   
      console[33m.[39
mlog([32m`\x1b[36m[SYS
TEM] System running... 
(Port 
${process.env.PORT || 5
000})\x1b[0m`[39m)[33
m;[39m
     [90m 53 |[39m   
  }[33m,[39m [35m300
00[39m)[33m;[39m
     [90m 54 |[39m 
}[0m

      at console.log (n
ode_modules/@jest/conso
le/build/index.js:311:1
0)
      at Timeout.log 
[as _onTimeout] 
(index.js:51:13)


  ΓùÅ  Cannot log 
after tests are done. 
Did you forget to wait 
for something async in 
your test?
    Attempted to log 
"[36m[SYSTEM] System 
running... (Port 
5000)[0m".

    [0m [90m 49 
|[39m [90m// 
Heartbeat[39m
     [90m 50 |[39m 
[36mif[39m (process[
33m.[39menv[33m.[39m
[33mNODE_ENV[39m 
[33m!==[39m 
[32m'test'[39m) {
    [31m[1m>[22m[39
m[90m 51 |[39m     
setInterval(() 
[33m=>[39m {
     [90m    |[39m   
          
[31m[1m^[22m[39m
     [90m 52 |[39m   
      console[33m.[39
mlog([32m`\x1b[36m[SYS
TEM] System running... 
(Port 
${process.env.PORT || 5
000})\x1b[0m`[39m)[33
m;[39m
     [90m 53 |[39m   
  }[33m,[39m [35m300
00[39m)[33m;[39m
     [90m 54 |[39m 
}[0m

      at console.log (n
ode_modules/@jest/conso
le/build/index.js:311:1
0)
      at Timeout.log 
[as _onTimeout] 
(index.js:51:13)


  ΓùÅ  Cannot log 
after tests are done. 
Did you forget to wait 
for something async in 
your test?
    Attempted to log 
"[36m[SYSTEM] System 
running... (Port 
5000)[0m".

    [0m [90m 49 
|[39m [90m// 
Heartbeat[39m
     [90m 50 |[39m 
[36mif[39m (process[
33m.[39menv[33m.[39m
[33mNODE_ENV[39m 
[33m!==[39m 
[32m'test'[39m) {
    [31m[1m>[22m[39
m[90m 51 |[39m     
setInterval(() 
[33m=>[39m {
     [90m    |[39m   
          
[31m[1m^[22m[39m
     [90m 52 |[39m   
      console[33m.[39
mlog([32m`\x1b[36m[SYS
TEM] System running... 
(Port 
${process.env.PORT || 5
000})\x1b[0m`[39m)[33
m;[39m
     [90m 53 |[39m   
  }[33m,[39m [35m300
00[39m)[33m;[39m
     [90m 54 |[39m 
}[0m

      at console.log (n
ode_modules/@jest/conso
le/build/index.js:311:1
0)
      at Timeout.log 
[as _onTimeout] 
(index.js:51:13)


  ΓùÅ  Cannot log 
after tests are done. 
Did you forget to wait 
for something async in 
your test?
    Attempted to log 
"[36m[SYSTEM] System 
running... (Port 
5000)[0m".

    [0m [90m 49 
|[39m [90m// 
Heartbeat[39m
     [90m 50 |[39m 
[36mif[39m (process[
33m.[39menv[33m.[39m
[33mNODE_ENV[39m 
[33m!==[39m 
[32m'test'[39m) {
    [31m[1m>[22m[39
m[90m 51 |[39m     
setInterval(() 
[33m=>[39m {
     [90m    |[39m   
          
[31m[1m^[22m[39m
     [90m 52 |[39m   
      console[33m.[39
mlog([32m`\x1b[36m[SYS
TEM] System running... 
(Port 
${process.env.PORT || 5
000})\x1b[0m`[39m)[33
m;[39m
     [90m 53 |[39m   
  }[33m,[39m [35m300
00[39m)[33m;[39m
     [90m 54 |[39m 
}[0m

      at console.log (n
ode_modules/@jest/conso
le/build/index.js:311:1
0)
      at Timeout.log 
[as _onTimeout] 
(index.js:51:13)


  ΓùÅ  Cannot log 
after tests are done. 
Did you forget to wait 
for something async in 
your test?
    Attempted to log 
"[36m[SYSTEM] System 
running... (Port 
5000)[0m".

    [0m [90m 49 
|[39m [90m// 
Heartbeat[39m
     [90m 50 |[39m 
[36mif[39m (process[
33m.[39menv[33m.[39m
[33mNODE_ENV[39m 
[33m!==[39m 
[32m'test'[39m) {
    [31m[1m>[22m[39
m[90m 51 |[39m     
setInterval(() 
[33m=>[39m {
     [90m    |[39m   
          
[31m[1m^[22m[39m
     [90m 52 |[39m   
      console[33m.[39
mlog([32m`\x1b[36m[SYS
TEM] System running... 
(Port 
${process.env.PORT || 5
000})\x1b[0m`[39m)[33
m;[39m
     [90m 53 |[39m   
  }[33m,[39m [35m300
00[39m)[33m;[39m
     [90m 54 |[39m 
}[0m

      at console.log (n
ode_modules/@jest/conso
le/build/index.js:311:1
0)
      at Timeout.log 
[as _onTimeout] 
(index.js:51:13)


  ΓùÅ  Cannot log 
after tests are done. 
Did you forget to wait 
for something async in 
your test?
    Attempted to log 
"[36m[SYSTEM] System 
running... (Port 
5000)[0m".

    [0m [90m 49 
|[39m [90m// 
Heartbeat[39m
     [90m 50 |[39m 
[36mif[39m (process[
33m.[39menv[33m.[39m
[33mNODE_ENV[39m 
[33m!==[39m 
[32m'test'[39m) {
    [31m[1m>[22m[39
m[90m 51 |[39m     
setInterval(() 
[33m=>[39m {
     [90m    |[39m   
          
[31m[1m^[22m[39m
     [90m 52 |[39m   
      console[33m.[39
mlog([32m`\x1b[36m[SYS
TEM] System running... 
(Port 
${process.env.PORT || 5
000})\x1b[0m`[39m)[33
m;[39m
     [90m 53 |[39m   
  }[33m,[39m [35m300
00[39m)[33m;[39m
     [90m 54 |[39m 
}[0m

      at console.log (n
ode_modules/@jest/conso
le/build/index.js:311:1
0)
      at Timeout.log 
[as _onTimeout] 
(index.js:51:13)


  ΓùÅ  Cannot log 
after tests are done. 
Did you forget to wait 
for something async in 
your test?
    Attempted to log 
"[36m[SYSTEM] System 
running... (Port 
5000)[0m".

    [0m [90m 49 
|[39m [90m// 
Heartbeat[39m
     [90m 50 |[39m 
[36mif[39m (process[
33m.[39menv[33m.[39m
[33mNODE_ENV[39m 
[33m!==[39m 
[32m'test'[39m) {
    [31m[1m>[22m[39
m[90m 51 |[39m     
setInterval(() 
[33m=>[39m {
     [90m    |[39m   
          
[31m[1m^[22m[39m
     [90m 52 |[39m   
      console[33m.[39
mlog([32m`\x1b[36m[SYS
TEM] System running... 
(Port 
${process.env.PORT || 5
000})\x1b[0m`[39m)[33
m;[39m
     [90m 53 |[39m   
  }[33m,[39m [35m300
00[39m)[33m;[39m
     [90m 54 |[39m 
}[0m

      at console.log (n
ode_modules/@jest/conso
le/build/index.js:311:1
0)
      at Timeout.log 
[as _onTimeout] 
(index.js:51:13)


  ΓùÅ  Cannot log 
after tests are done. 
Did you forget to wait 
for something async in 
your test?
    Attempted to log 
"[36m[SYSTEM] System 
running... (Port 
5000)[0m".

    [0m [90m 49 
|[39m [90m// 
Heartbeat[39m
     [90m 50 |[39m 
[36mif[39m (process[
33m.[39menv[33m.[39m
[33mNODE_ENV[39m 
[33m!==[39m 
[32m'test'[39m) {
    [31m[1m>[22m[39
m[90m 51 |[39m     
setInterval(() 
[33m=>[39m {
     [90m    |[39m   
          
[31m[1m^[22m[39m
     [90m 52 |[39m   
      console[33m.[39
mlog([32m`\x1b[36m[SYS
TEM] System running... 
(Port 
${process.env.PORT || 5
000})\x1b[0m`[39m)[33
m;[39m
     [90m 53 |[39m   
  }[33m,[39m [35m300
00[39m)[33m;[39m
     [90m 54 |[39m 
}[0m

      at console.log (n
ode_modules/@jest/conso
le/build/index.js:311:1
0)
      at Timeout.log 
[as _onTimeout] 
(index.js:51:13)

